// Jest Snapshot v1, https://goo.gl/fbAQLP

exports[`Header Component Auth Test Should pass snapshot test 1`] = `"<div class=\\"Header\\" data-test=\\"header\\"><h1 data-test=\\"header-auth\\"> Welcome Marko Pollo!</h1></div>"`;

exports[`Header Component No Auth Test Should pass snapshot test 1`] = `"<div class=\\"Header\\" data-test=\\"header\\"><h1 data-test=\\"header-no-auth\\"> Log in to your account </h1></div>"`;
